// Jest Snapshot v1, https://goo.gl/fbAQLP

exports[`Book Center Component component successfully rendered 1`] = `ShallowWrapper {}`;

exports[`Layout Component component successfully rendered 1`] = `ShallowWrapper {}`;
